[Licensing::Module] Trying to connect to existing licensing client channel...
Built from '6000.2/respin/6000.2.7f1-2eb0c79396db' branch; Version is '6000.2.7f2 (2b518236b676) revision 2838914'; Using compiler version '194234433'; Build Type 'Release'
[Licensing::IpcConnector] Successfully connected to: "LicenseClient-Owner" at "2025-10-28T04:56:23.1318207Z"
OS: 'Windows 11  (10.0.26100) 64bit Professional' Language: 'en' Physical Memory: 32555 MB
BatchMode: 1, IsHumanControllingUs: 0, StartBugReporterOnCrash: 0, Is64bit: 1
Date: 2025-10-28T04:56:23Z

COMMAND LINE ARGUMENTS:
C:\Users\Owner\Desktop\Unity Hub\6000.2.7f2\Editor\Unity.exe
-adb2
-batchMode
-noUpm
-name
AssetImportWorker6
-projectPath
C:/Users/Owner/Documents/UVU/UVU-AGD-Portfolio/UnityProject
-logFile
Logs/AssetImportWorker6.log
-srvPort
64231
-licensingIpc
LicenseClient-Owner
-job-worker-count
9
-background-job-worker-count
8
-gc-helper-count
1
-name
AssetImport
Successfully changed project path to: C:/Users/Owner/Documents/UVU/UVU-AGD-Portfolio/UnityProject
C:/Users/Owner/Documents/UVU/UVU-AGD-Portfolio/UnityProject
[UnityMemory] Configuration Parameters - Can be set up in boot.config
    "memorysetup-allocator-temp-initial-block-size-main=262144"
    "memorysetup-allocator-temp-initial-block-size-worker=262144"
    "memorysetup-bucket-allocator-granularity=16"
    "memorysetup-bucket-allocator-bucket-count=8"
    "memorysetup-bucket-allocator-block-size=33554432"
    "memorysetup-bucket-allocator-block-count=8"
    "memorysetup-main-allocator-block-size=16777216"
    "memorysetup-thread-allocator-block-size=16777216"
    "memorysetup-gfx-main-allocator-block-size=16777216"
    "memorysetup-gfx-thread-allocator-block-size=16777216"
    "memorysetup-cache-allocator-block-size=4194304"
    "memorysetup-typetree-allocator-block-size=2097152"
    "memorysetup-profiler-bucket-allocator-granularity=16"
    "memorysetup-profiler-bucket-allocator-bucket-count=8"
    "memorysetup-profiler-bucket-allocator-block-size=33554432"
    "memorysetup-profiler-bucket-allocator-block-count=8"
    "memorysetup-profiler-allocator-block-size=16777216"
    "memorysetup-profiler-editor-allocator-block-size=1048576"
    "memorysetup-temp-allocator-size-main=16777216"
    "memorysetup-job-temp-allocator-block-size=2097152"
    "memorysetup-job-temp-allocator-block-size-background=1048576"
    "memorysetup-job-temp-allocator-reduction-small-platforms=262144"
    "memorysetup-temp-allocator-size-background-worker=32768"
    "memorysetup-temp-allocator-size-job-worker=262144"
    "memorysetup-temp-allocator-size-preload-manager=33554432"
    "memorysetup-temp-allocator-size-nav-mesh-worker=65536"
    "memorysetup-temp-allocator-size-audio-worker=65536"
    "memorysetup-temp-allocator-size-cloud-worker=32768"
    "memorysetup-temp-allocator-size-gi-baking-worker=262144"
    "memorysetup-temp-allocator-size-gi-baking-worker=262144"
    "memorysetup-temp-allocator-size-gi-baking-worker=262144"
    "memorysetup-temp-allocator-size-gi-baking-worker=262144"
    "memorysetup-temp-allocator-size-gi-baking-worker=262144"
    "memorysetup-temp-allocator-size-gfx=262144"
Player connection [10036]  Target information:

Player connection [10036]  * "[IP] 192.168.1.100 [Port] 0 [Flags] 2 [Guid] 2854350627 [EditorId] 2854350627 [Version] 1048832 [Id] WindowsEditor(7,PC981) [Debug] 1 [PackageName] WindowsEditor [ProjectName] Editor" 

Player connection [10036] Host joined multi-casting on [225.0.0.222:54997]...
Player connection [10036] Host joined alternative multi-casting on [225.0.0.222:34997]...
JobSystem: Creating JobQueue using job-worker-count value 9
Input System module state changed to: Initialized.
[Physics::Module] Initialized fallback backend.
[Physics::Module] Id: 0xdecafbad
[Licensing::Client] Code 10 while verifying Licensing Client signature (process Id: 12276, path: "C:/Program Files/Unity Hub/UnityLicensingClient_V1/Unity.Licensing.Client.exe")
[Licensing::Module] LicensingClient has failed validation; ignoring
[Licensing::Client] Handshaking with LicensingClient:
  Version:                 1.17.3+a4e98f1
  Session Id:              dcba14e7ec9040a6b17757743f4284e6
  Correlation Id:          6187ef579c31886834ed56b72eff65d3
  External correlation Id: 4312325420082541908
  Machine Id:              5XmmF+zV4oOJoXIxqf7X9ZcAHz0=
[Licensing::Module] Successfully connected to LicensingClient on channel: "LicenseClient-Owner" (connect: 0.00s, validation: 0.00s, handshake: 0.04s)
[Licensing::IpcConnector] Successfully connected to: "LicenseClient-Owner-notifications" at "2025-10-28T04:56:23.1724364Z"
[Licensing::Module] Licensing Background thread has ended after 0.04s
Library Redirect Path: Library/
[Physics::Module] Selected backend.
[Physics::Module] Name: PhysX
[Physics::Module] Id: 0xf2b8ea05
[Physics::Module] SDK Version: 4.1.2
[Physics::Module] Integration Version: 1.0.0
[Physics::Module] Threading Mode: Multi-Threaded
Refreshing native plugins compatible for Editor in 1.72 ms, found 3 plugins.
Preloading 0 native plugins for Editor in 0.00 ms.
Initialize engine version: 6000.2.7f2 (2b518236b676)
[Subsystems] Discovering subsystems at path C:/Users/Owner/Desktop/Unity Hub/6000.2.7f2/Editor/Data/Resources/UnitySubsystems
[Subsystems] Discovering subsystems at path C:/Users/Owner/Documents/UVU/UVU-AGD-Portfolio/UnityProject/Assets
GfxDevice: creating device client; kGfxThreadingModeNonThreaded
Direct3D:
    Version:  Direct3D 11.0 [level 11.1]
    Renderer: NVIDIA GeForce RTX 3060 (ID=0x2504)
    Vendor:   NVIDIA
    VRAM:     12115 MB
    Driver:   32.0.15.6094
Initialize mono
Mono path[0] = 'C:/Users/Owner/Desktop/Unity Hub/6000.2.7f2/Editor/Data/Managed'
Mono path[1] = 'C:/Users/Owner/Desktop/Unity Hub/6000.2.7f2/Editor/Data/MonoBleedingEdge/lib/mono/unityjit-win32'
Mono config path = 'C:/Users/Owner/Desktop/Unity Hub/6000.2.7f2/Editor/Data/MonoBleedingEdge/etc'
Using monoOptions --debugger-agent=transport=dt_socket,embedding=1,server=y,suspend=n,address=127.0.0.1:56488
Begin MonoManager ReloadAssembly
Registering precompiled unity dll's ...
Register platform support module: C:/Users/Owner/Desktop/Unity Hub/6000.2.7f2/Editor/Data/PlaybackEngines/WebGLSupport/UnityEditor.WebGL.Extensions.dll
Register platform support module: C:/Users/Owner/Desktop/Unity Hub/6000.2.7f2/Editor/Data/PlaybackEngines/MacStandaloneSupport/UnityEditor.OSXStandalone.Extensions.dll
[Licensing::Client] Successfully resolved entitlement details
[Licensing::Module] License group:
  Id: 20066771685431-woofy981-UnityProStuXXXX
  Product: Unity Student
  Type: Assigned
  Expiration: 2026-10-02T21:51:33Z
Register platform support module: C:/Users/Owner/Desktop/Unity Hub/6000.2.7f2/Editor/Data/PlaybackEngines/VisionOSPlayer/UnityEditor.VisionOS.Extensions.dll
Register platform support module: C:/Users/Owner/Desktop/Unity Hub/6000.2.7f2/Editor/Data/PlaybackEngines/WindowsStandaloneSupport/UnityEditor.WindowsStandalone.Extensions.dll
[Licensing::Client] Successfully resolved entitlement details
Register platform support module: C:/Users/Owner/Desktop/Unity Hub/6000.2.7f2/Editor/Data/PlaybackEngines/MetroSupport/UnityEditor.UWP.Extensions.dll
[Licensing::Client] Successfully resolved entitlement details
Register platform support module: C:/Users/Owner/Desktop/Unity Hub/6000.2.7f2/Editor/Data/PlaybackEngines/AndroidPlayer/UnityEditor.Android.Extensions.dll
Register platform support module: C:/Users/Owner/Desktop/Unity Hub/6000.2.7f2/Editor/Data/PlaybackEngines/iOSSupport/UnityEditor.iOS.Extensions.dll
Register platform support module: C:/Users/Owner/Desktop/Unity Hub/6000.2.7f2/Editor/Data/PlaybackEngines/AppleTVSupport/UnityEditor.AppleTV.Extensions.dll
Register platform support module: C:/Users/Owner/Desktop/Unity Hub/6000.2.7f2/Editor/Data/PlaybackEngines/LinuxStandaloneSupport/UnityEditor.LinuxStandalone.Extensions.dll
Registered in 0.013099 seconds.
- Loaded All Assemblies, in  0.282 seconds
Native extension for LinuxStandalone target not found
[usbmuxd] Start listen thread
[usbmuxd] Listen thread started
Native extension for AppleTV target not found
[usbmuxd] Start listen thread
[usbmuxd] Listen thread started
Native extension for iOS target not found
Native extension for Android target not found
Android Extension - Scanning For ADB Devices 231 ms
Native extension for UWP target not found
Native extension for WindowsStandalone target not found
Failed to load: C:/Users/Owner/Desktop/Unity Hub/6000.2.7f2/Editor/Data/PlaybackEngines/VisionOSPlayer\x64\UnityEditor.VisionOS.Native.dll
Native extension for VisionOS target not found
Native extension for OSXStandalone target not found
Native extension for WebGL target not found
Mono: successfully reloaded assembly
- Finished resetting the current domain, in  0.511 seconds
Domain Reload Profiling: 790ms
	BeginReloadAssembly (90ms)
		ExecutionOrderSort (0ms)
		DisableScriptedObjects (0ms)
		BackupInstance (0ms)
		ReleaseScriptingObjects (0ms)
		CreateAndSetChildDomain (0ms)
	RebuildCommonClasses (24ms)
	RebuildNativeTypeToScriptingClass (8ms)
	initialDomainReloadingComplete (44ms)
	LoadAllAssembliesAndSetupDomain (113ms)
		LoadAssemblies (88ms)
		RebuildTransferFunctionScriptingTraits (0ms)
		AnalyzeDomain (110ms)
			TypeCache.Refresh (109ms)
				TypeCache.ScanAssembly (99ms)
			BuildScriptInfoCaches (0ms)
			ResolveRequiredComponents (0ms)
	FinalizeReload (511ms)
		ReleaseScriptCaches (0ms)
		RebuildScriptCaches (0ms)
		SetupLoadedEditorAssemblies (486ms)
			LogAssemblyErrors (0ms)
			InitializePlatformSupportModulesInManaged (338ms)
			SetLoadedEditorAssemblies (3ms)
			BeforeProcessingInitializeOnLoad (37ms)
			ProcessInitializeOnLoadAttributes (74ms)
			ProcessInitializeOnLoadMethodAttributes (34ms)
			AfterProcessingInitializeOnLoad (0ms)
			EditorAssembliesLoaded (0ms)
		ExecutionOrderSort2 (0ms)
		AwakeInstancesAfterBackupRestoration (0ms)
========================================================================
Worker process is ready to serve import requests
Import Worker Mode flag is 0x00
Begin MonoManager ReloadAssembly
[Licensing::Client] Successfully resolved entitlement details
- Loaded All Assemblies, in  0.537 seconds
Refreshing native plugins compatible for Editor in 0.68 ms, found 3 plugins.
Native extension for LinuxStandalone target not found
Native extension for AppleTV target not found
Native extension for iOS target not found
Native extension for Android target not found
Native extension for UWP target not found
Native extension for WindowsStandalone target not found
Failed to load: C:/Users/Owner/Desktop/Unity Hub/6000.2.7f2/Editor/Data/PlaybackEngines/VisionOSPlayer\x64\UnityEditor.VisionOS.Native.dll
Native extension for VisionOS target not found
Native extension for OSXStandalone target not found
Native extension for WebGL target not found
Package Manager log level set to [2]
[Package Manager] Failed to launch server process. Reason: Unity was launched with the -noUpm command-line argument
[Package Manager] Unable to send message (not connected to server process).
[Package Manager] Cannot connect to Unity Package Manager local server
Mono: successfully reloaded assembly
- Finished resetting the current domain, in  0.391 seconds
Domain Reload Profiling: 925ms
	BeginReloadAssembly (117ms)
		ExecutionOrderSort (0ms)
		DisableScriptedObjects (4ms)
		BackupInstance (0ms)
		ReleaseScriptingObjects (0ms)
		CreateAndSetChildDomain (19ms)
	RebuildCommonClasses (23ms)
	RebuildNativeTypeToScriptingClass (8ms)
	initialDomainReloadingComplete (25ms)
	LoadAllAssembliesAndSetupDomain (360ms)
		LoadAssemblies (279ms)
		RebuildTransferFunctionScriptingTraits (0ms)
		AnalyzeDomain (147ms)
			TypeCache.Refresh (116ms)
				TypeCache.ScanAssembly (105ms)
			BuildScriptInfoCaches (24ms)
			ResolveRequiredComponents (4ms)
	FinalizeReload (392ms)
		ReleaseScriptCaches (0ms)
		RebuildScriptCaches (0ms)
		SetupLoadedEditorAssemblies (308ms)
			LogAssemblyErrors (0ms)
			InitializePlatformSupportModulesInManaged (21ms)
			SetLoadedEditorAssemblies (3ms)
			BeforeProcessingInitializeOnLoad (64ms)
			ProcessInitializeOnLoadAttributes (200ms)
			ProcessInitializeOnLoadMethodAttributes (15ms)
			AfterProcessingInitializeOnLoad (5ms)
			EditorAssembliesLoaded (0ms)
		ExecutionOrderSort2 (0ms)
		AwakeInstancesAfterBackupRestoration (6ms)
Launched and connected shader compiler UnityShaderCompiler.exe after 0.03 seconds
Refreshing native plugins compatible for Editor in 0.80 ms, found 3 plugins.
Preloading 0 native plugins for Editor in 0.00 ms.
Unloading 0 Unused Serialized files (Serialized files now loaded: 0)
Unloading 4002 unused Assets / (1.3 MB). Loaded Objects now: 4526.
Memory consumption went from 90.0 MB to 88.7 MB.
Total: 3.840300 ms (FindLiveObjects: 0.306900 ms CreateObjectMapping: 0.125300 ms MarkObjects: 2.652100 ms  DeleteObjects: 0.755400 ms)

========================================================================
Received Import Request.
  Time since last request: 517853.290454 seconds.
  path: Assets/MayaProject/SourceImages/Textures/Short Sword_initialShadingGroup_BaseColor.png
  artifactKey: Guid(2b55c75638327e6448d18196f8c54648) Importer(815301076,1909f56bfc062723c751e8b465ee728b)
Start importing Assets/MayaProject/SourceImages/Textures/Short Sword_initialShadingGroup_BaseColor.png using Guid(2b55c75638327e6448d18196f8c54648) Importer(815301076,1909f56bfc062723c751e8b465ee728b) (PreviewImporter) -> (artifact id: 'a769db8fd50c7a5b6b4eaf93e582f014') in 0.0726681 seconds
Number of updated asset objects reloaded before import = 0Number of asset objects unloaded after import = 1

========================================================================
Received Import Request.
  Time since last request: 224.200004 seconds.
  path: Assets/InputSystem_Actions.inputactions
  artifactKey: Guid(289c1b55c9541489481df5cc06664110) Importer(815301076,1909f56bfc062723c751e8b465ee728b)
Start importing Assets/InputSystem_Actions.inputactions using Guid(289c1b55c9541489481df5cc06664110) Importer(815301076,1909f56bfc062723c751e8b465ee728b) (PreviewImporter) -> (artifact id: '7ae34723c8831fb3f93db632de41c472') in 0.0152246 seconds
Number of updated asset objects reloaded before import = 0Number of asset objects unloaded after import = 20

========================================================================
Received Import Request.
  Time since last request: 206.903964 seconds.
  path: Assets/_Game/Materials/Sword.mat
  artifactKey: Guid(ff19117c36de02245a39449ebfb6d561) Importer(815301076,1909f56bfc062723c751e8b465ee728b)
Start importing Assets/_Game/Materials/Sword.mat using Guid(ff19117c36de02245a39449ebfb6d561) Importer(815301076,1909f56bfc062723c751e8b465ee728b) (PreviewImporter) -> (artifact id: '0e00050f303e1835680212924cbb968d') in 0.0501703 seconds
Number of updated asset objects reloaded before import = 0Number of asset objects unloaded after import = 1

========================================================================
Received Import Request.
  Time since last request: 0.899654 seconds.
  path: Assets/_Game/Materials/Sword.mat
  artifactKey: Guid(ff19117c36de02245a39449ebfb6d561) Importer(2089858483,192608db42251d675da83286b1cce702)
Start importing Assets/_Game/Materials/Sword.mat using Guid(ff19117c36de02245a39449ebfb6d561) Importer(2089858483,192608db42251d675da83286b1cce702) (ScriptedImporter) -> (artifact id: '8e2b6d58b8a5f8fec440a9a359e77126') in 0.0610186 seconds
Number of updated asset objects reloaded before import = 0Number of asset objects unloaded after import = 1

========================================================================
Received Import Request.
  Time since last request: 333.360146 seconds.
  path: Assets
  artifactKey: Guid(00000000000000001000000000000000) Importer(815301076,1909f56bfc062723c751e8b465ee728b)
Start importing Assets using Guid(00000000000000001000000000000000) Importer(815301076,1909f56bfc062723c751e8b465ee728b) (PreviewImporter) -> (artifact id: 'c391582d739b6e62a5220f35cbb167ac') in 0.0014385 seconds
Number of updated asset objects reloaded before import = 0Number of asset objects unloaded after import = 0

========================================================================
Received Import Request.
  Time since last request: 53.698959 seconds.
  path: Assets/MayaProject/SourceImages/Textures/Short Sword_initialShadingGroup_Normal.png
  artifactKey: Guid(59816afe6fb3fe544b6ffb44064632aa) Importer(815301076,1909f56bfc062723c751e8b465ee728b)
Start importing Assets/MayaProject/SourceImages/Textures/Short Sword_initialShadingGroup_Normal.png using Guid(59816afe6fb3fe544b6ffb44064632aa) Importer(815301076,1909f56bfc062723c751e8b465ee728b) (PreviewImporter) -> (artifact id: '729e6cb237eb060d1500ecc56d506ba7') in 0.1796073 seconds
Number of updated asset objects reloaded before import = 0Number of asset objects unloaded after import = 1

========================================================================
Received Import Request.
  Time since last request: 9.326251 seconds.
  path: Assets/MayaProject/SourceImages/Textures/Short Sword_initialShadingGroup_Height.png
  artifactKey: Guid(1ca05d45214e4b144aed00ce8da483fb) Importer(815301076,1909f56bfc062723c751e8b465ee728b)
Start importing Assets/MayaProject/SourceImages/Textures/Short Sword_initialShadingGroup_Height.png using Guid(1ca05d45214e4b144aed00ce8da483fb) Importer(815301076,1909f56bfc062723c751e8b465ee728b) (PreviewImporter) -> (artifact id: '5249c9148d340b45bc51e4cfb788e736') in 0.0208836 seconds
Number of updated asset objects reloaded before import = 0Number of asset objects unloaded after import = 1

========================================================================
Received Import Request.
  Time since last request: 13.011928 seconds.
  path: Assets/MayaProject/SourceImages/Textures/Short Sword_initialShadingGroup_Metallic.png
  artifactKey: Guid(379533c1bf7324f43820fac7082d6ff5) Importer(815301076,1909f56bfc062723c751e8b465ee728b)
Start importing Assets/MayaProject/SourceImages/Textures/Short Sword_initialShadingGroup_Metallic.png using Guid(379533c1bf7324f43820fac7082d6ff5) Importer(815301076,1909f56bfc062723c751e8b465ee728b) (PreviewImporter) -> (artifact id: 'd8e90a2802dbcd48794ac7018fb0b023') in 0.2569244 seconds
Number of updated asset objects reloaded before import = 0Number of asset objects unloaded after import = 1

========================================================================
Received Import Request.
  Time since last request: 6.642091 seconds.
  path: Assets/MayaProject/SourceImages/Textures/Short Sword_initialShadingGroup_Roughness.png
  artifactKey: Guid(d8f6a59af926afc44b09ca0a9de90752) Importer(815301076,1909f56bfc062723c751e8b465ee728b)
Start importing Assets/MayaProject/SourceImages/Textures/Short Sword_initialShadingGroup_Roughness.png using Guid(d8f6a59af926afc44b09ca0a9de90752) Importer(815301076,1909f56bfc062723c751e8b465ee728b) (PreviewImporter) -> (artifact id: '7badf1cf68e9cacb53e3b13439b3195e') in 0.3372083 seconds
Number of updated asset objects reloaded before import = 0Number of asset objects unloaded after import = 1

========================================================================
Received Import Request.
  Time since last request: 7.820716 seconds.
  path: Assets/MayaProject/SourceImages/Textures/Treasure Chest_initialShadingGroup_BaseColor.png
  artifactKey: Guid(124cf920e801adc469941e15d2243efd) Importer(815301076,1909f56bfc062723c751e8b465ee728b)
Start importing Assets/MayaProject/SourceImages/Textures/Treasure Chest_initialShadingGroup_BaseColor.png using Guid(124cf920e801adc469941e15d2243efd) Importer(815301076,1909f56bfc062723c751e8b465ee728b) (PreviewImporter) -> (artifact id: '234f4f1553b9d08210e32e25cca7d894') in 0.018929 seconds
Number of updated asset objects reloaded before import = 0Number of asset objects unloaded after import = 1

========================================================================
Received Import Request.
  Time since last request: 6.532786 seconds.
  path: Assets/MayaProject/SourceImages/Textures/Treasure Chest_initialShadingGroup_Height.png
  artifactKey: Guid(b6e9439098f873644a73e73220dd4318) Importer(815301076,1909f56bfc062723c751e8b465ee728b)
Start importing Assets/MayaProject/SourceImages/Textures/Treasure Chest_initialShadingGroup_Height.png using Guid(b6e9439098f873644a73e73220dd4318) Importer(815301076,1909f56bfc062723c751e8b465ee728b) (PreviewImporter) -> (artifact id: 'df74c419b67e5142436d31055afac066') in 0.0190393 seconds
Number of updated asset objects reloaded before import = 0Number of asset objects unloaded after import = 1

========================================================================
Received Import Request.
  Time since last request: 5.026698 seconds.
  path: Assets/MayaProject/SourceImages/Textures/Treasure Chest_initialShadingGroup_Metallic.png
  artifactKey: Guid(eb8393fc4de79274dbbb3b93eb99c8e5) Importer(815301076,1909f56bfc062723c751e8b465ee728b)
Start importing Assets/MayaProject/SourceImages/Textures/Treasure Chest_initialShadingGroup_Metallic.png using Guid(eb8393fc4de79274dbbb3b93eb99c8e5) Importer(815301076,1909f56bfc062723c751e8b465ee728b) (PreviewImporter) -> (artifact id: 'f27f7b847a450b839f393263b2b995e6') in 0.0269537 seconds
Number of updated asset objects reloaded before import = 0Number of asset objects unloaded after import = 1

========================================================================
Received Import Request.
  Time since last request: 5.625642 seconds.
  path: Assets/MayaProject/SourceImages/Textures/Treasure Chest_initialShadingGroup_Normal.png
  artifactKey: Guid(1c4d437e36f80e049a36ef0b40c57a9e) Importer(815301076,1909f56bfc062723c751e8b465ee728b)
Start importing Assets/MayaProject/SourceImages/Textures/Treasure Chest_initialShadingGroup_Normal.png using Guid(1c4d437e36f80e049a36ef0b40c57a9e) Importer(815301076,1909f56bfc062723c751e8b465ee728b) (PreviewImporter) -> (artifact id: '65e3292887e95fec39b046ef6e3a91ee') in 0.0304181 seconds
Number of updated asset objects reloaded before import = 0Number of asset objects unloaded after import = 1

========================================================================
Received Import Request.
  Time since last request: 17.636605 seconds.
  path: Assets/MayaProject/SourceImages/Textures/Treasure Chest_initialShadingGroup_Roughness.png
  artifactKey: Guid(c2ef13c1838f0cc45a780d493c9b9dc7) Importer(815301076,1909f56bfc062723c751e8b465ee728b)
Start importing Assets/MayaProject/SourceImages/Textures/Treasure Chest_initialShadingGroup_Roughness.png using Guid(c2ef13c1838f0cc45a780d493c9b9dc7) Importer(815301076,1909f56bfc062723c751e8b465ee728b) (PreviewImporter) -> (artifact id: 'ab9aa47f075d151d1019120477c11111') in 0.0175817 seconds
Number of updated asset objects reloaded before import = 0Number of asset objects unloaded after import = 1

========================================================================
Received Import Request.
  Time since last request: 107.294782 seconds.
  path: Assets/_Game/Scenes/Props.unity
  artifactKey: Guid(e494eba8883ce5542a6ae4499f32a839) Importer(2089858483,192608db42251d675da83286b1cce702)
Start importing Assets/_Game/Scenes/Props.unity using Guid(e494eba8883ce5542a6ae4499f32a839) Importer(2089858483,192608db42251d675da83286b1cce702) (ScriptedImporter) -> (artifact id: '5334101e0cb0ec6d7ecd1daf3cac57a9') in 0.0138952 seconds
Number of updated asset objects reloaded before import = 0Number of asset objects unloaded after import = 1

========================================================================
Received Import Request.
  Time since last request: 78.491239 seconds.
  path: Assets/_Game/Scenes/Skeleton Chaser.unity
  artifactKey: Guid(42624650c3535094696e34cb427dca9d) Importer(815301076,1909f56bfc062723c751e8b465ee728b)
Start importing Assets/_Game/Scenes/Skeleton Chaser.unity using Guid(42624650c3535094696e34cb427dca9d) Importer(815301076,1909f56bfc062723c751e8b465ee728b) (PreviewImporter) -> (artifact id: 'f3d0cea8d47a6de06b2f0a1ebde4eae1') in 0.0004608 seconds
Number of updated asset objects reloaded before import = 0Number of asset objects unloaded after import = 0

========================================================================
Received Import Request.
  Time since last request: 0.978446 seconds.
  path: Assets/_Game/Scenes/Skeleton Chaser.unity
  artifactKey: Guid(42624650c3535094696e34cb427dca9d) Importer(2089858483,192608db42251d675da83286b1cce702)
Start importing Assets/_Game/Scenes/Skeleton Chaser.unity using Guid(42624650c3535094696e34cb427dca9d) Importer(2089858483,192608db42251d675da83286b1cce702) (ScriptedImporter) -> (artifact id: 'c9c5fbcd28a59435b10dcd1496298598') in 0.0141702 seconds
Number of updated asset objects reloaded before import = 0Number of asset objects unloaded after import = 1

========================================================================
Received Import Request.
  Time since last request: 5.005879 seconds.
  path: Assets/_Game/Scenes/SkeletonChaser.unity
  artifactKey: Guid(42624650c3535094696e34cb427dca9d) Importer(815301076,1909f56bfc062723c751e8b465ee728b)
Start importing Assets/_Game/Scenes/SkeletonChaser.unity using Guid(42624650c3535094696e34cb427dca9d) Importer(815301076,1909f56bfc062723c751e8b465ee728b) (PreviewImporter) -> (artifact id: '5cc8e1e3fdaab797a87168dc489a879c') in 0.0003911 seconds
Number of updated asset objects reloaded before import = 0Number of asset objects unloaded after import = 0

========================================================================
Received Import Request.
  Time since last request: 0.981413 seconds.
  path: Assets/_Game/Scenes/SkeletonChaser.unity
  artifactKey: Guid(42624650c3535094696e34cb427dca9d) Importer(2089858483,192608db42251d675da83286b1cce702)
Start importing Assets/_Game/Scenes/SkeletonChaser.unity using Guid(42624650c3535094696e34cb427dca9d) Importer(2089858483,192608db42251d675da83286b1cce702) (ScriptedImporter) -> (artifact id: 'f67d5f1f353a438dd409450141ddd5ce') in 0.0116127 seconds
Number of updated asset objects reloaded before import = 0Number of asset objects unloaded after import = 1

========================================================================
Received Import Request.
  Time since last request: 14.696334 seconds.
  path: Assets/_External/Mini Simple Characters Skeleton Demo/Prefabs/Characters
  artifactKey: Guid(871fc7172d066254784aa9db92ce19b1) Importer(815301076,1909f56bfc062723c751e8b465ee728b)
Start importing Assets/_External/Mini Simple Characters Skeleton Demo/Prefabs/Characters using Guid(871fc7172d066254784aa9db92ce19b1) Importer(815301076,1909f56bfc062723c751e8b465ee728b) (PreviewImporter) -> (artifact id: '833cc7718e76a77a717a8c54be145001') in 0.0006934 seconds
Number of updated asset objects reloaded before import = 0Number of asset objects unloaded after import = 0

========================================================================
Received Import Request.
  Time since last request: 0.067174 seconds.
  path: Assets/_External/Mini Simple Characters Skeleton Demo/Prefabs/Characters/mini simple skeleton demo.prefab
  artifactKey: Guid(4a46e821c58b5cd42b14eaab6d197266) Importer(815301076,1909f56bfc062723c751e8b465ee728b)
Start importing Assets/_External/Mini Simple Characters Skeleton Demo/Prefabs/Characters/mini simple skeleton demo.prefab using Guid(4a46e821c58b5cd42b14eaab6d197266) Importer(815301076,1909f56bfc062723c751e8b465ee728b) (PreviewImporter) -> (artifact id: '417158cca64ed79bc51a331aad1816ca') in 0.0635932 seconds
Number of updated asset objects reloaded before import = 0Number of asset objects unloaded after import = 83

========================================================================
Received Import Request.
  Time since last request: 0.000013 seconds.
  path: Assets/_External/Mini Simple Characters Skeleton Demo/Prefabs/Characters/mini simple skeleton demo_02.prefab
  artifactKey: Guid(20818fda9cf85f94ca4d9803d50fb8d8) Importer(815301076,1909f56bfc062723c751e8b465ee728b)
Start importing Assets/_External/Mini Simple Characters Skeleton Demo/Prefabs/Characters/mini simple skeleton demo_02.prefab using Guid(20818fda9cf85f94ca4d9803d50fb8d8) Importer(815301076,1909f56bfc062723c751e8b465ee728b) (PreviewImporter) -> (artifact id: 'fe12d5064c3b2c412759468937938c9a') in 0.0154704 seconds
Number of updated asset objects reloaded before import = 0Number of asset objects unloaded after import = 83

========================================================================
Received Import Request.
  Time since last request: 16.081920 seconds.
  path: Assets/_Game/Scenes/SkeletonChaser.unity
  artifactKey: Guid(42624650c3535094696e34cb427dca9d) Importer(2089858483,192608db42251d675da83286b1cce702)
Start importing Assets/_Game/Scenes/SkeletonChaser.unity using Guid(42624650c3535094696e34cb427dca9d) Importer(2089858483,192608db42251d675da83286b1cce702) (ScriptedImporter) -> (artifact id: '8d53363dd6f8a9425489fbcce6359a64') in 0.0100384 seconds
Number of updated asset objects reloaded before import = 0Number of asset objects unloaded after import = 1

========================================================================
Received Import Request.
  Time since last request: 65.616007 seconds.
  path: Assets/_Game/Scenes/Props.unity
  artifactKey: Guid(e494eba8883ce5542a6ae4499f32a839) Importer(815301076,1909f56bfc062723c751e8b465ee728b)
Start importing Assets/_Game/Scenes/Props.unity using Guid(e494eba8883ce5542a6ae4499f32a839) Importer(815301076,1909f56bfc062723c751e8b465ee728b) (PreviewImporter) -> (artifact id: '96b2b34babbe8905eb91c54a936cc956') in 0.0003899 seconds
Number of updated asset objects reloaded before import = 0Number of asset objects unloaded after import = 0

========================================================================
Received Import Request.
  Time since last request: 495.321948 seconds.
  path: Assets/_Game/Materials/Chest.mat
  artifactKey: Guid(6e2229286c3eba6488c51010077eee2b) Importer(815301076,1909f56bfc062723c751e8b465ee728b)
Start importing Assets/_Game/Materials/Chest.mat using Guid(6e2229286c3eba6488c51010077eee2b) Importer(815301076,1909f56bfc062723c751e8b465ee728b) (PreviewImporter) -> (artifact id: '7abe7b014736bc97552eaf7206ed3a63') in 0.0724065 seconds
Number of updated asset objects reloaded before import = 0Number of asset objects unloaded after import = 1

========================================================================
Received Import Request.
  Time since last request: 0.906980 seconds.
  path: Assets/_Game/Materials/Chest.mat
  artifactKey: Guid(6e2229286c3eba6488c51010077eee2b) Importer(2089858483,192608db42251d675da83286b1cce702)
Start importing Assets/_Game/Materials/Chest.mat using Guid(6e2229286c3eba6488c51010077eee2b) Importer(2089858483,192608db42251d675da83286b1cce702) (ScriptedImporter) -> (artifact id: '844ea52153a43290faccb936121bbf1a') in 0.0170755 seconds
Number of updated asset objects reloaded before import = 0Number of asset objects unloaded after import = 1

========================================================================
Received Import Request.
  Time since last request: 46.215190 seconds.
  path: Assets/MayaProject/SourceImages/Textures/Updated Textures
  artifactKey: Guid(f5b2d59082afdb2458c9d24ba10c83cb) Importer(815301076,1909f56bfc062723c751e8b465ee728b)
Start importing Assets/MayaProject/SourceImages/Textures/Updated Textures using Guid(f5b2d59082afdb2458c9d24ba10c83cb) Importer(815301076,1909f56bfc062723c751e8b465ee728b) (PreviewImporter) -> (artifact id: '72010385341261ebb0da0c3135b5e4fb') in 0.0004974 seconds
Number of updated asset objects reloaded before import = 0Number of asset objects unloaded after import = 0

========================================================================
Received Import Request.
  Time since last request: 1.119890 seconds.
  path: Assets/MayaProject/SourceImages/Textures/Updated Textures/Treasure Chest_initialShadingGroup_BaseColor.png
  artifactKey: Guid(43e888ef39a0f5e498db61994fd134bf) Importer(815301076,1909f56bfc062723c751e8b465ee728b)
Start importing Assets/MayaProject/SourceImages/Textures/Updated Textures/Treasure Chest_initialShadingGroup_BaseColor.png using Guid(43e888ef39a0f5e498db61994fd134bf) Importer(815301076,1909f56bfc062723c751e8b465ee728b) (PreviewImporter)[Licensing::Client] Successfully resolved entitlement details
[Licensing::Client] Successfully resolved entitlement details
[Licensing::Client] Successfully resolved entitlement details
 -> (artifact id: 'ac5d056353fd9a3527d4e7683733c179') in 0.0361201 seconds
Number of updated asset objects reloaded before import = 0Number of asset objects unloaded after import = 2

========================================================================
Received Import Request.
  Time since last request: 0.022441 seconds.
  path: Assets/MayaProject/SourceImages/Textures/Updated Textures/Treasure Chest_initialShadingGroup_Metallic.png
  artifactKey: Guid(3f0b30592e0ed6d4aa0cf9c0bf92d3c3) Importer(815301076,1909f56bfc062723c751e8b465ee728b)
Start importing Assets/MayaProject/SourceImages/Textures/Updated Textures/Treasure Chest_initialShadingGroup_Metallic.png using Guid(3f0b30592e0ed6d4aa0cf9c0bf92d3c3) Importer(815301076,1909f56bfc062723c751e8b465ee728b) (PreviewImporter) -> (artifact id: 'd6e2a4639a1411a66f301413b44c0535') in 0.0204453 seconds
Number of updated asset objects reloaded before import = 0Number of asset objects unloaded after import = 2

========================================================================
Received Import Request.
  Time since last request: 0.000014 seconds.
  path: Assets/MayaProject/SourceImages/Textures/Updated Textures/Treasure Chest_initialShadingGroup_Normal.png
  artifactKey: Guid(8599eccd28158a54f8aa896a6ff27323) Importer(815301076,1909f56bfc062723c751e8b465ee728b)
Start importing Assets/MayaProject/SourceImages/Textures/Updated Textures/Treasure Chest_initialShadingGroup_Normal.png using Guid(8599eccd28158a54f8aa896a6ff27323) Importer(815301076,1909f56bfc062723c751e8b465ee728b) (PreviewImporter) -> (artifact id: '5101ca239d80e5a88a9c7c5b744b94d0') in 0.0365449 seconds
Number of updated asset objects reloaded before import = 0Number of asset objects unloaded after import = 2

========================================================================
Received Import Request.
  Time since last request: 41.342415 seconds.
  path: Assets/_Game/Materials/Chest.mat
  artifactKey: Guid(6e2229286c3eba6488c51010077eee2b) Importer(2089858483,192608db42251d675da83286b1cce702)
Start importing Assets/_Game/Materials/Chest.mat using Guid(6e2229286c3eba6488c51010077eee2b) Importer(2089858483,192608db42251d675da83286b1cce702) (ScriptedImporter) -> (artifact id: '2527e307c2daf21025b4be0f1a432a71') in 0.0451039 seconds
Number of updated asset objects reloaded before import = 0Number of asset objects unloaded after import = 5

========================================================================
Received Import Request.
  Time since last request: 3.767599 seconds.
  path: Assets/_Game/Materials/Sword.mat
  artifactKey: Guid(ff19117c36de02245a39449ebfb6d561) Importer(815301076,1909f56bfc062723c751e8b465ee728b)
Start importing Assets/_Game/Materials/Sword.mat using Guid(ff19117c36de02245a39449ebfb6d561) Importer(815301076,1909f56bfc062723c751e8b465ee728b) (PreviewImporter) -> (artifact id: '1e5bd2122edf63af294703d9cd046231') in 0.1283561 seconds
Number of updated asset objects reloaded before import = 0Number of asset objects unloaded after import = 5

========================================================================
Received Import Request.
  Time since last request: 26.289721 seconds.
  path: Assets/MayaProject/SourceImages/Textures/Barrel_initialShadingGroup_Emissive.png
  artifactKey: Guid(3de1f862f066af244a17eaaa6b3fa069) Importer(815301076,1909f56bfc062723c751e8b465ee728b)
Start importing Assets/MayaProject/SourceImages/Textures/Barrel_initialShadingGroup_Emissive.png using Guid(3de1f862f066af244a17eaaa6b3fa069) Importer(815301076,1909f56bfc062723c751e8b465ee728b) (PreviewImporter) -> (artifact id: 'ee96e872cf19e4302ef849283f21cc8f') in 0.0156498 seconds
Number of updated asset objects reloaded before import = 0Number of asset objects unloaded after import = 2

========================================================================
Received Import Request.
  Time since last request: 0.000026 seconds.
  path: Assets/MayaProject/SourceImages/Textures/Barrel_initialShadingGroup_Normal.png
  artifactKey: Guid(6c500611350d896438ae1e62cf0652ef) Importer(815301076,1909f56bfc062723c751e8b465ee728b)
Start importing Assets/MayaProject/SourceImages/Textures/Barrel_initialShadingGroup_Normal.png using Guid(6c500611350d896438ae1e62cf0652ef) Importer(815301076,1909f56bfc062723c751e8b465ee728b) (PreviewImporter) -> (artifact id: '295ae7d611823ec11e4548aef5f217b2') in 0.0258054 seconds
Number of updated asset objects reloaded before import = 0Number of asset objects unloaded after import = 2

========================================================================
Received Import Request.
  Time since last request: 0.946649 seconds.
  path: Assets/MayaProject/SourceImages/Textures/Barrel_initialShadingGroup_Height_Raw_ACEScg.png.tx
  artifactKey: Guid(6ba1ce97faed7e240891f02cde51b239) Importer(2089858483,192608db42251d675da83286b1cce702)
Start importing Assets/MayaProject/SourceImages/Textures/Barrel_initialShadingGroup_Height_Raw_ACEScg.png.tx using Guid(6ba1ce97faed7e240891f02cde51b239) Importer(2089858483,192608db42251d675da83286b1cce702) (ScriptedImporter) -> (artifact id: '0361d6153c7523f9d5c75a9600588f2c') in 0.0137188 seconds
Number of updated asset objects reloaded before import = 0Number of asset objects unloaded after import = 1

========================================================================
Received Import Request.
  Time since last request: 0.003272 seconds.
  path: Assets/MayaProject/SourceImages/Textures/Barrel_initialShadingGroup_Normal_Raw_ACEScg.png.tx
  artifactKey: Guid(14ca3f99ca6bf7e4d9ea7a41cae2bd61) Importer(2089858483,192608db42251d675da83286b1cce702)
Start importing Assets/MayaProject/SourceImages/Textures/Barrel_initialShadingGroup_Normal_Raw_ACEScg.png.tx using Guid(14ca3f99ca6bf7e4d9ea7a41cae2bd61) Importer(2089858483,192608db42251d675da83286b1cce702) (ScriptedImporter) -> (artifact id: '0142e8dd513293769d74796fd0c24e33') in 0.0124268 seconds
Number of updated asset objects reloaded before import = 0Number of asset objects unloaded after import = 1

========================================================================
Received Import Request.
  Time since last request: 0.001617 seconds.
  path: Assets/MayaProject/SourceImages/Textures/Barrel_initialShadingGroup_Metallic.png
  artifactKey: Guid(cf8202bb3dd7e3f42a6aa8e3c3ad552a) Importer(2089858483,192608db42251d675da83286b1cce702)
Start importing Assets/MayaProject/SourceImages/Textures/Barrel_initialShadingGroup_Metallic.png using Guid(cf8202bb3dd7e3f42a6aa8e3c3ad552a) Importer(2089858483,192608db42251d675da83286b1cce702) (ScriptedImporter) -> (artifact id: '799206eae44c4e170fccd9e3490f0b11') in 0.058267 seconds
Number of updated asset objects reloaded before import = 0Number of asset objects unloaded after import = 1

========================================================================
Received Import Request.
  Time since last request: 0.000038 seconds.
  path: Assets/MayaProject/SourceImages/Textures/Barrel_initialShadingGroup_Roughness_Raw_ACEScg.png.tx
  artifactKey: Guid(a0c5c3e9fa1aabd478e2dc4eb111dc2c) Importer(2089858483,192608db42251d675da83286b1cce702)
Start importing Assets/MayaProject/SourceImages/Textures/Barrel_initialShadingGroup_Roughness_Raw_ACEScg.png.tx using Guid(a0c5c3e9fa1aabd478e2dc4eb111dc2c) Importer(2089858483,192608db42251d675da83286b1cce702) (ScriptedImporter) -> (artifact id: 'd4f8d74241bb662b2ae85e081c56069e') in 0.0129926 seconds
Number of updated asset objects reloaded before import = 0Number of asset objects unloaded after import = 1

Editor requested this worker to shutdown with reason: Scaling down because of idle timeout
AssetImportWorkerClient::OnTransportError - code=2 error=End of file
AssetImportWorker is now disconnected from the server
Process exiting
Exiting without the bug reporter. Application will terminate with return code 0