[Licensing::Module] Trying to connect to existing licensing client channel...
Built from '6000.2/respin/6000.2.7f1-2eb0c79396db' branch; Version is '6000.2.7f2 (2b518236b676) revision 2838914'; Using compiler version '194234433'; Build Type 'Release'
[Licensing::IpcConnector] Successfully connected to: "LicenseClient-Owner" at "2025-10-12T01:26:57.6940541Z"
OS: 'Windows 11  (10.0.26100) 64bit Professional' Language: 'en' Physical Memory: 32555 MB
BatchMode: 1, IsHumanControllingUs: 0, StartBugReporterOnCrash: 0, Is64bit: 1
Date: 2025-10-12T01:26:57Z

COMMAND LINE ARGUMENTS:
C:\Users\Owner\Desktop\Unity Hub\6000.2.7f2\Editor\Unity.exe
-adb2
-batchMode
-noUpm
-name
AssetImportWorker7
-projectPath
C:/Users/Owner/Documents/UVU/UVU-AGD-Portfolio/UnityProject
-logFile
Logs/AssetImportWorker7.log
-srvPort
57409
-licensingIpc
LicenseClient-Owner
-job-worker-count
9
-background-job-worker-count
8
-gc-helper-count
1
-name
AssetImport
Successfully changed project path to: C:/Users/Owner/Documents/UVU/UVU-AGD-Portfolio/UnityProject
C:/Users/Owner/Documents/UVU/UVU-AGD-Portfolio/UnityProject
[UnityMemory] Configuration Parameters - Can be set up in boot.config
    "memorysetup-allocator-temp-initial-block-size-main=262144"
    "memorysetup-allocator-temp-initial-block-size-worker=262144"
    "memorysetup-bucket-allocator-granularity=16"
    "memorysetup-bucket-allocator-bucket-count=8"
    "memorysetup-bucket-allocator-block-size=33554432"
    "memorysetup-bucket-allocator-block-count=8"
    "memorysetup-main-allocator-block-size=16777216"
    "memorysetup-thread-allocator-block-size=16777216"
    "memorysetup-gfx-main-allocator-block-size=16777216"
    "memorysetup-gfx-thread-allocator-block-size=16777216"
    "memorysetup-cache-allocator-block-size=4194304"
    "memorysetup-typetree-allocator-block-size=2097152"
    "memorysetup-profiler-bucket-allocator-granularity=16"
    "memorysetup-profiler-bucket-allocator-bucket-count=8"
    "memorysetup-profiler-bucket-allocator-block-size=33554432"
    "memorysetup-profiler-bucket-allocator-block-count=8"
    "memorysetup-profiler-allocator-block-size=16777216"
    "memorysetup-profiler-editor-allocator-block-size=1048576"
    "memorysetup-temp-allocator-size-main=16777216"
    "memorysetup-job-temp-allocator-block-size=2097152"
    "memorysetup-job-temp-allocator-block-size-background=1048576"
    "memorysetup-job-temp-allocator-reduction-small-platforms=262144"
    "memorysetup-temp-allocator-size-background-worker=32768"
    "memorysetup-temp-allocator-size-job-worker=262144"
    "memorysetup-temp-allocator-size-preload-manager=33554432"
    "memorysetup-temp-allocator-size-nav-mesh-worker=65536"
    "memorysetup-temp-allocator-size-audio-worker=65536"
    "memorysetup-temp-allocator-size-cloud-worker=32768"
    "memorysetup-temp-allocator-size-gi-baking-worker=262144"
    "memorysetup-temp-allocator-size-gi-baking-worker=262144"
    "memorysetup-temp-allocator-size-gi-baking-worker=262144"
    "memorysetup-temp-allocator-size-gi-baking-worker=262144"
    "memorysetup-temp-allocator-size-gi-baking-worker=262144"
    "memorysetup-temp-allocator-size-gfx=262144"
Player connection [38324]  Target information:

Player connection [38324]  * "[IP] 192.168.1.100 [Port] 0 [Flags] 2 [Guid] 1293375481 [EditorId] 1293375481 [Version] 1048832 [Id] WindowsEditor(7,PC981) [Debug] 1 [PackageName] WindowsEditor [ProjectName] Editor" 

Player connection [38324] Host joined multi-casting on [225.0.0.222:54997]...
Player connection [38324] Host joined alternative multi-casting on [225.0.0.222:34997]...
JobSystem: Creating JobQueue using job-worker-count value 9
Input System module state changed to: Initialized.
[Physics::Module] Initialized fallback backend.
[Physics::Module] Id: 0xdecafbad
[Licensing::Client] Code 10 while verifying Licensing Client signature (process Id: 32120, path: "C:/Program Files/Unity Hub/UnityLicensingClient_V1/Unity.Licensing.Client.exe")
[Licensing::Module] LicensingClient has failed validation; ignoring
[Licensing::Client] Handshaking with LicensingClient:
  Version:                 1.17.3+a4e98f1
  Session Id:              85a55306b16c48ec9f61253f672f76e7
  Correlation Id:          e74714903b8e5534158760faee4cc21d
  External correlation Id: 1712420157050638138
  Machine Id:              5XmmF+zV4oOJoXIxqf7X9ZcAHz0=
[Licensing::Module] Successfully connected to LicensingClient on channel: "LicenseClient-Owner" (connect: 0.00s, validation: 0.00s, handshake: 0.08s)
[Licensing::IpcConnector] Successfully connected to: "LicenseClient-Owner-notifications" at "2025-10-12T01:26:57.7752411Z"
[Licensing::Module] Licensing Background thread has ended after 0.08s
Library Redirect Path: Library/
[Physics::Module] Selected backend.
[Physics::Module] Name: PhysX
[Physics::Module] Id: 0xf2b8ea05
[Physics::Module] SDK Version: 4.1.2
[Physics::Module] Integration Version: 1.0.0
[Physics::Module] Threading Mode: Multi-Threaded
Refreshing native plugins compatible for Editor in 3.04 ms, found 3 plugins.
Preloading 0 native plugins for Editor in 0.00 ms.
Initialize engine version: 6000.2.7f2 (2b518236b676)
[Subsystems] Discovering subsystems at path C:/Users/Owner/Desktop/Unity Hub/6000.2.7f2/Editor/Data/Resources/UnitySubsystems
[Subsystems] Discovering subsystems at path C:/Users/Owner/Documents/UVU/UVU-AGD-Portfolio/UnityProject/Assets
GfxDevice: creating device client; kGfxThreadingModeNonThreaded
Direct3D:
    Version:  Direct3D 11.0 [level 11.1]
    Renderer: NVIDIA GeForce RTX 3060 (ID=0x2504)
    Vendor:   NVIDIA
    VRAM:     12115 MB
    Driver:   32.0.15.6094
Initialize mono
Mono path[0] = 'C:/Users/Owner/Desktop/Unity Hub/6000.2.7f2/Editor/Data/Managed'
Mono path[1] = 'C:/Users/Owner/Desktop/Unity Hub/6000.2.7f2/Editor/Data/MonoBleedingEdge/lib/mono/unityjit-win32'
Mono config path = 'C:/Users/Owner/Desktop/Unity Hub/6000.2.7f2/Editor/Data/MonoBleedingEdge/etc'
Using monoOptions --debugger-agent=transport=dt_socket,embedding=1,server=y,suspend=n,address=127.0.0.1:56820
Begin MonoManager ReloadAssembly
Registering precompiled unity dll's ...
Register platform support module: C:/Users/Owner/Desktop/Unity Hub/6000.2.7f2/Editor/Data/PlaybackEngines/WebGLSupport/UnityEditor.WebGL.Extensions.dll
Register platform support module: C:/Users/Owner/Desktop/Unity Hub/6000.2.7f2/Editor/Data/PlaybackEngines/MacStandaloneSupport/UnityEditor.OSXStandalone.Extensions.dll
[Licensing::Client] Successfully resolved entitlement details
[Licensing::Module] License group:
  Id: 20066771685431-woofy981-UnityProStuXXXX
  Product: Unity Student
  Type: Assigned
  Expiration: 2026-10-02T21:51:33Z
Register platform support module: C:/Users/Owner/Desktop/Unity Hub/6000.2.7f2/Editor/Data/PlaybackEngines/VisionOSPlayer/UnityEditor.VisionOS.Extensions.dll
Register platform support module: C:/Users/Owner/Desktop/Unity Hub/6000.2.7f2/Editor/Data/PlaybackEngines/WindowsStandaloneSupport/UnityEditor.WindowsStandalone.Extensions.dll
[Licensing::Client] Successfully resolved entitlement details
Register platform support module: C:/Users/Owner/Desktop/Unity Hub/6000.2.7f2/Editor/Data/PlaybackEngines/MetroSupport/UnityEditor.UWP.Extensions.dll
[Licensing::Client] Successfully resolved entitlement details
Register platform support module: C:/Users/Owner/Desktop/Unity Hub/6000.2.7f2/Editor/Data/PlaybackEngines/AndroidPlayer/UnityEditor.Android.Extensions.dll
Register platform support module: C:/Users/Owner/Desktop/Unity Hub/6000.2.7f2/Editor/Data/PlaybackEngines/iOSSupport/UnityEditor.iOS.Extensions.dll
Register platform support module: C:/Users/Owner/Desktop/Unity Hub/6000.2.7f2/Editor/Data/PlaybackEngines/AppleTVSupport/UnityEditor.AppleTV.Extensions.dll
Register platform support module: C:/Users/Owner/Desktop/Unity Hub/6000.2.7f2/Editor/Data/PlaybackEngines/LinuxStandaloneSupport/UnityEditor.LinuxStandalone.Extensions.dll
Registered in 0.021578 seconds.
- Loaded All Assemblies, in  0.392 seconds
Native extension for LinuxStandalone target not found
[usbmuxd] Start listen thread
[usbmuxd] Listen thread started
Native extension for AppleTV target not found
[usbmuxd] Start listen thread
[usbmuxd] Listen thread started
Native extension for iOS target not found
Native extension for Android target not found
Android Extension - Scanning For ADB Devices 355 ms
Native extension for UWP target not found
Native extension for WindowsStandalone target not found
Failed to load: C:/Users/Owner/Desktop/Unity Hub/6000.2.7f2/Editor/Data/PlaybackEngines/VisionOSPlayer\x64\UnityEditor.VisionOS.Native.dll
Native extension for VisionOS target not found
Native extension for OSXStandalone target not found
Native extension for WebGL target not found
Mono: successfully reloaded assembly
- Finished resetting the current domain, in  0.731 seconds
Domain Reload Profiling: 1120ms
	BeginReloadAssembly (117ms)
		ExecutionOrderSort (0ms)
		DisableScriptedObjects (0ms)
		BackupInstance (0ms)
		ReleaseScriptingObjects (0ms)
		CreateAndSetChildDomain (1ms)
	RebuildCommonClasses (35ms)
	RebuildNativeTypeToScriptingClass (10ms)
	initialDomainReloadingComplete (66ms)
	LoadAllAssembliesAndSetupDomain (160ms)
		LoadAssemblies (116ms)
		RebuildTransferFunctionScriptingTraits (0ms)
		AnalyzeDomain (155ms)
			TypeCache.Refresh (154ms)
				TypeCache.ScanAssembly (142ms)
			BuildScriptInfoCaches (0ms)
			ResolveRequiredComponents (0ms)
	FinalizeReload (731ms)
		ReleaseScriptCaches (0ms)
		RebuildScriptCaches (0ms)
		SetupLoadedEditorAssemblies (696ms)
			LogAssemblyErrors (0ms)
			InitializePlatformSupportModulesInManaged (497ms)
			SetLoadedEditorAssemblies (3ms)
			BeforeProcessingInitializeOnLoad (51ms)
			ProcessInitializeOnLoadAttributes (99ms)
			ProcessInitializeOnLoadMethodAttributes (45ms)
			AfterProcessingInitializeOnLoad (0ms)
			EditorAssembliesLoaded (0ms)
		ExecutionOrderSort2 (0ms)
		AwakeInstancesAfterBackupRestoration (0ms)
========================================================================
Worker process is ready to serve import requests
Import Worker Mode flag is 0x00
Begin MonoManager ReloadAssembly
[Licensing::Client] Successfully resolved entitlement details
- Loaded All Assemblies, in  0.649 seconds
Refreshing native plugins compatible for Editor in 1.20 ms, found 3 plugins.
Native extension for LinuxStandalone target not found
Native extension for AppleTV target not found
Native extension for iOS target not found
Native extension for Android target not found
Native extension for UWP target not found
Native extension for WindowsStandalone target not found
Failed to load: C:/Users/Owner/Desktop/Unity Hub/6000.2.7f2/Editor/Data/PlaybackEngines/VisionOSPlayer\x64\UnityEditor.VisionOS.Native.dll
Native extension for VisionOS target not found
Native extension for OSXStandalone target not found
Native extension for WebGL target not found
Package Manager log level set to [2]
[Package Manager] Failed to launch server process. Reason: Unity was launched with the -noUpm command-line argument
[Package Manager] Unable to send message (not connected to server process).
[Package Manager] Cannot connect to Unity Package Manager local server
Mono: successfully reloaded assembly
- Finished resetting the current domain, in  1.112 seconds
Domain Reload Profiling: 1756ms
	BeginReloadAssembly (176ms)
		ExecutionOrderSort (0ms)
		DisableScriptedObjects (5ms)
		BackupInstance (0ms)
		ReleaseScriptingObjects (0ms)
		CreateAndSetChildDomain (25ms)
	RebuildCommonClasses (35ms)
	RebuildNativeTypeToScriptingClass (10ms)
	initialDomainReloadingComplete (38ms)
	LoadAllAssembliesAndSetupDomain (385ms)
		LoadAssemblies (332ms)
		RebuildTransferFunctionScriptingTraits (0ms)
		AnalyzeDomain (160ms)
			TypeCache.Refresh (128ms)
				TypeCache.ScanAssembly (116ms)
			BuildScriptInfoCaches (24ms)
			ResolveRequiredComponents (5ms)
	FinalizeReload (1112ms)
		ReleaseScriptCaches (0ms)
		RebuildScriptCaches (0ms)
		SetupLoadedEditorAssemblies (1003ms)
			LogAssemblyErrors (0ms)
			InitializePlatformSupportModulesInManaged (22ms)
			SetLoadedEditorAssemblies (3ms)
			BeforeProcessingInitializeOnLoad (70ms)
			ProcessInitializeOnLoadAttributes (880ms)
			ProcessInitializeOnLoadMethodAttributes (20ms)
			AfterProcessingInitializeOnLoad (7ms)
			EditorAssembliesLoaded (0ms)
		ExecutionOrderSort2 (0ms)
		AwakeInstancesAfterBackupRestoration (6ms)
Launched and connected shader compiler UnityShaderCompiler.exe after 0.02 seconds
Refreshing native plugins compatible for Editor in 0.88 ms, found 3 plugins.
Preloading 0 native plugins for Editor in 0.00 ms.
Unloading 0 Unused Serialized files (Serialized files now loaded: 0)
Unloading 4002 unused Assets / (1.3 MB). Loaded Objects now: 4526.
Memory consumption went from 90.1 MB to 88.7 MB.
Total: 3.976700 ms (FindLiveObjects: 0.322400 ms CreateObjectMapping: 0.125100 ms MarkObjects: 2.711000 ms  DeleteObjects: 0.817400 ms)

========================================================================
Received Import Request.
  Time since last request: 1050306.379288 seconds.
  path: Assets/MayaProject/SourceImages/References/s-l1200.jpg
  artifactKey: Guid(989cdf1d73315384eafff61e7aca0473) Importer(2089858483,192608db42251d675da83286b1cce702)
Start importing Assets/MayaProject/SourceImages/References/s-l1200.jpg using Guid(989cdf1d73315384eafff61e7aca0473) Importer(2089858483,192608db42251d675da83286b1cce702) (ScriptedImporter) -> (artifact id: 'b0157a8478328638902cdb6064491185') in 0.1012542 seconds
Number of updated asset objects reloaded before import = 0Number of asset objects unloaded after import = 1

========================================================================
Received Import Request.
  Time since last request: 0.399082 seconds.
  path: Assets/MayaProject/SourceImages/References/StoneWall.webp
  artifactKey: Guid(8830591f846d66641bfa18e98bf59481) Importer(2089858483,192608db42251d675da83286b1cce702)
Start importing Assets/MayaProject/SourceImages/References/StoneWall.webp using Guid(8830591f846d66641bfa18e98bf59481) Importer(2089858483,192608db42251d675da83286b1cce702) (ScriptedImporter) -> (artifact id: '21f4a1975a47c600911ca25e7f573dd5') in 0.0140342 seconds
Number of updated asset objects reloaded before import = 0Number of asset objects unloaded after import = 1

========================================================================
Received Import Request.
  Time since last request: 0.000095 seconds.
  path: Assets/MayaProject/SourceImages/References/Tree Hub.png
  artifactKey: Guid(cb4424bf440c58844b5e15aee273599d) Importer(2089858483,192608db42251d675da83286b1cce702)
Start importing Assets/MayaProject/SourceImages/References/Tree Hub.png using Guid(cb4424bf440c58844b5e15aee273599d) Importer(2089858483,192608db42251d675da83286b1cce702) (ScriptedImporter) -> (artifact id: 'a76eb64201eda75ffcd85c401a5b20a2') in 0.0212389 seconds
Number of updated asset objects reloaded before import = 0Number of asset objects unloaded after import = 1

========================================================================
Received Import Request.
  Time since last request: 0.463653 seconds.
  path: Assets/MayaProject/SourceImages/Textures/Short Sword_initialShadingGroup_Metallic.png
  artifactKey: Guid(379533c1bf7324f43820fac7082d6ff5) Importer(2089858483,192608db42251d675da83286b1cce702)
Start importing Assets/MayaProject/SourceImages/Textures/Short Sword_initialShadingGroup_Metallic.png using Guid(379533c1bf7324f43820fac7082d6ff5) Importer(2089858483,192608db42251d675da83286b1cce702) (ScriptedImporter) -> (artifact id: 'abe724389d472bdac86d9f58c7b0cd35') in 0.0256088 seconds
Number of updated asset objects reloaded before import = 0Number of asset objects unloaded after import = 1

========================================================================
Received Import Request.
  Time since last request: 0.473283 seconds.
  path: Assets/MayaProject/SourceImages/Textures/Treasure Chest_initialShadingGroup_Metallic.png
  artifactKey: Guid(eb8393fc4de79274dbbb3b93eb99c8e5) Importer(2089858483,192608db42251d675da83286b1cce702)
Start importing Assets/MayaProject/SourceImages/Textures/Treasure Chest_initialShadingGroup_Metallic.png using Guid(eb8393fc4de79274dbbb3b93eb99c8e5) Importer(2089858483,192608db42251d675da83286b1cce702) (ScriptedImporter) -> (artifact id: '6f860aef717d42cf545234856e1702c4') in 0.028078 seconds
Number of updated asset objects reloaded before import = 0Number of asset objects unloaded after import = 1

========================================================================
Received Import Request.
  Time since last request: 0.473557 seconds.
  path: Assets/TextMesh Pro/Resources/Fonts & Materials/LiberationSans SDF.asset
  artifactKey: Guid(8f586378b4e144a9851e7b34d9b748ee) Importer(2089858483,192608db42251d675da83286b1cce702)
Start importing Assets/TextMesh Pro/Resources/Fonts & Materials/LiberationSans SDF.asset using Guid(8f586378b4e144a9851e7b34d9b748ee) Importer(2089858483,192608db42251d675da83286b1cce702) (ScriptedImporter) -> (artifact id: '9eb24aa6726c6bc95db9f5980c8a7fe2') in 0.0597405 seconds
Number of updated asset objects reloaded before import = 0Number of asset objects unloaded after import = 8

========================================================================
Received Import Request.
  Time since last request: 0.437197 seconds.
  path: Assets/_External/Brawl Arena/Models/Bones_ChestB.fbx
  artifactKey: Guid(cf7f70eea60a84c0489a3a9145b3c97b) Importer(2089858483,192608db42251d675da83286b1cce702)
Start importing Assets/_External/Brawl Arena/Models/Bones_ChestB.fbx using Guid(cf7f70eea60a84c0489a3a9145b3c97b) Importer(2089858483,192608db42251d675da83286b1cce702) (ScriptedImporter) -> (artifact id: '41bd401399719f4dc8a1421a56616a81') in 0.0560622 seconds
Number of updated asset objects reloaded before import = 0Number of asset objects unloaded after import = 8

========================================================================
Received Import Request.
  Time since last request: 0.442644 seconds.
  path: Assets/_External/Brawl Arena/Models/RockFlat4.fbx
  artifactKey: Guid(52bdd3d5ea601442c9ef1ac7b8348637) Importer(2089858483,192608db42251d675da83286b1cce702)
Start importing Assets/_External/Brawl Arena/Models/RockFlat4.fbx using Guid(52bdd3d5ea601442c9ef1ac7b8348637) Importer(2089858483,192608db42251d675da83286b1cce702) (ScriptedImporter) -> (artifact id: 'c7b122e87b9c90aa56cc395dd0e0d52d') in 0.0185476 seconds
Number of updated asset objects reloaded before import = 0Number of asset objects unloaded after import = 7

========================================================================
Received Import Request.
  Time since last request: 0.000013 seconds.
  path: Assets/_External/Brawl Arena/Models/RockFlat5.fbx
  artifactKey: Guid(890c79e0ff37741bd8ac9c6fc142ce6b) Importer(2089858483,192608db42251d675da83286b1cce702)
Start importing Assets/_External/Brawl Arena/Models/RockFlat5.fbx using Guid(890c79e0ff37741bd8ac9c6fc142ce6b) Importer(2089858483,192608db42251d675da83286b1cce702) (ScriptedImporter) -> (artifact id: '3d41a5d1760fcb5ab30d9642e7daf541') in 0.0183894 seconds
Number of updated asset objects reloaded before import = 0Number of asset objects unloaded after import = 7

========================================================================
Received Import Request.
  Time since last request: 0.467183 seconds.
  path: Assets/_External/Brawl Arena/Prefabs/Bone_ChestA.prefab
  artifactKey: Guid(2a9cd6b33b98548bf8d7d4f94a53e1d8) Importer(2089858483,192608db42251d675da83286b1cce702)
Start importing Assets/_External/Brawl Arena/Prefabs/Bone_ChestA.prefab using Guid(2a9cd6b33b98548bf8d7d4f94a53e1d8) Importer(2089858483,192608db42251d675da83286b1cce702) (ScriptedImporter) -> (artifact id: '9d6e403e6d28ba97cb9c80161b5de1d3') in 0.0246742 seconds
Number of updated asset objects reloaded before import = 0Number of asset objects unloaded after import = 8

========================================================================
Received Import Request.
  Time since last request: 0.477886 seconds.
  path: Assets/_External/Brawl Arena/Prefabs/RockFlat6.prefab
  artifactKey: Guid(1ad33190abef140138c036ec06a5abb2) Importer(2089858483,192608db42251d675da83286b1cce702)
Start importing Assets/_External/Brawl Arena/Prefabs/RockFlat6.prefab using Guid(1ad33190abef140138c036ec06a5abb2) Importer(2089858483,192608db42251d675da83286b1cce702) (ScriptedImporter) -> (artifact id: '750d9e7cf6a94b48d940a03059fb8d30') in 0.0213216 seconds
Number of updated asset objects reloaded before import = 0Number of asset objects unloaded after import = 9

========================================================================
Received Import Request.
  Time since last request: 0.480360 seconds.
  path: Assets/_External/Mini Simple Characters Skeleton Demo/Materials/Mini Simple Characters_texture.png
  artifactKey: Guid(3f036d4d857e4cf4abcc9c8414d61cdb) Importer(2089858483,192608db42251d675da83286b1cce702)
Start importing Assets/_External/Mini Simple Characters Skeleton Demo/Materials/Mini Simple Characters_texture.png using Guid(3f036d4d857e4cf4abcc9c8414d61cdb) Importer(2089858483,192608db42251d675da83286b1cce702) (ScriptedImporter) -> (artifact id: 'c25b6a3953cc5f30b28fffbacbca951b') in 0.0165514 seconds
Number of updated asset objects reloaded before import = 0Number of asset objects unloaded after import = 1

========================================================================
Received Import Request.
  Time since last request: 0.000050 seconds.
  path: Assets/_External/Mini Simple Characters Skeleton Demo/Models/mini simple skeleton demo.fbx
  artifactKey: Guid(41f081d5c6d286c47a33bed3f84de79a) Importer(2089858483,192608db42251d675da83286b1cce702)
Start importing Assets/_External/Mini Simple Characters Skeleton Demo/Models/mini simple skeleton demo.fbx using Guid(41f081d5c6d286c47a33bed3f84de79a) Importer(2089858483,192608db42251d675da83286b1cce702) (ScriptedImporter) -> (artifact id: 'fe8c11b1a7ed9fc7e7dd64bb9ebc0189') in 0.0295336 seconds
Number of updated asset objects reloaded before import = 0Number of asset objects unloaded after import = 80

========================================================================
Received Import Request.
  Time since last request: 0.455024 seconds.
  path: Assets/ArtisanDream.Tools/AI/Resources/Brains/Shrimp1Brain.asset
  artifactKey: Guid(51cd2f67e0c4848e584669c3af3ee419) Importer(2089858483,192608db42251d675da83286b1cce702)
Start importing Assets/ArtisanDream.Tools/AI/Resources/Brains/Shrimp1Brain.asset using Guid(51cd2f67e0c4848e584669c3af3ee419) Importer(2089858483,192608db42251d675da83286b1cce702) (ScriptedImporter) -> (artifact id: '5fdb7758b5af67407323e53a47be89a3') in 0.0269615 seconds
Number of updated asset objects reloaded before import = 0Number of asset objects unloaded after import = 2

========================================================================
Received Import Request.
  Time since last request: 0.469874 seconds.
  path: Assets/ArtisanDream.Tools/Collection/Cash.asset
  artifactKey: Guid(7f189a56c64f2473e8d51e2ba5850217) Importer(2089858483,192608db42251d675da83286b1cce702)
Start importing Assets/ArtisanDream.Tools/Collection/Cash.asset using Guid(7f189a56c64f2473e8d51e2ba5850217) Importer(2089858483,192608db42251d675da83286b1cce702) (ScriptedImporter) -> (artifact id: 'ca8297febcd9f045c6e55f585d0d6c24') in 0.016797 seconds
Number of updated asset objects reloaded before import = 0Number of asset objects unloaded after import = 1

========================================================================
Received Import Request.
  Time since last request: 0.000016 seconds.
  path: Assets/ArtisanDream.Tools/AI/Resources/Functions/Patrol.asset
  artifactKey: Guid(a613becc6028f4351b6cba1129cf6536) Importer(2089858483,192608db42251d675da83286b1cce702)
Start importing Assets/ArtisanDream.Tools/AI/Resources/Functions/Patrol.asset using Guid(a613becc6028f4351b6cba1129cf6536) Importer(2089858483,192608db42251d675da83286b1cce702) (ScriptedImporter) -> (artifact id: '61e642949254cf9b4b0586728758d49c') in 0.0111214 seconds
Number of updated asset objects reloaded before import = 0Number of asset objects unloaded after import = 2

========================================================================
Received Import Request.
  Time since last request: 0.000117 seconds.
  path: Assets/ArtisanDream.Tools/Color and Material/ColorData.cs
  artifactKey: Guid(1df32bc6eadbc4f66be5244a1391b4c8) Importer(2089858483,192608db42251d675da83286b1cce702)
Start importing Assets/ArtisanDream.Tools/Color and Material/ColorData.cs using Guid(1df32bc6eadbc4f66be5244a1391b4c8) Importer(2089858483,192608db42251d675da83286b1cce702) (ScriptedImporter) -> (artifact id: '53c1d19da72e04867ee948bff9063701') in 0.0105271 seconds
Number of updated asset objects reloaded before import = 0Number of asset objects unloaded after import = 0

========================================================================
Received Import Request.
  Time since last request: 0.000097 seconds.
  path: Assets/ArtisanDream.Tools/Legacy Input/InputsViaKeys.cs
  artifactKey: Guid(adf943a1578854d20aa90cda002f1b35) Importer(2089858483,192608db42251d675da83286b1cce702)
Start importing Assets/ArtisanDream.Tools/Legacy Input/InputsViaKeys.cs using Guid(adf943a1578854d20aa90cda002f1b35) Importer(2089858483,192608db42251d675da83286b1cce702) (ScriptedImporter) -> (artifact id: '06977c53bdb3b92038c07a449e768971') in 0.0106476 seconds
Number of updated asset objects reloaded before import = 0Number of asset objects unloaded after import = 0

========================================================================
Received Import Request.
  Time since last request: 0.000059 seconds.
  path: Assets/ArtisanDream.Tools/AI/Scenes/AdvancedAI/NavMesh.asset
  artifactKey: Guid(83310dcc5b84b4edebf18bd6517d4186) Importer(2089858483,192608db42251d675da83286b1cce702)
Start importing Assets/ArtisanDream.Tools/AI/Scenes/AdvancedAI/NavMesh.asset using Guid(83310dcc5b84b4edebf18bd6517d4186) Importer(2089858483,192608db42251d675da83286b1cce702) (ScriptedImporter) -> (artifact id: '48350edfb0f0df864f706646733f3d76') in 0.0184333 seconds
Number of updated asset objects reloaded before import = 0Number of asset objects unloaded after import = 1

========================================================================
Received Import Request.
  Time since last request: 0.000068 seconds.
  path: Assets/ArtisanDream.Tools/Matching/SimpleIDMatchBehaviour.cs
  artifactKey: Guid(20a8862fefc9a40de8a865b36e083f0d) Importer(2089858483,192608db42251d675da83286b1cce702)
Start importing Assets/ArtisanDream.Tools/Matching/SimpleIDMatchBehaviour.cs using Guid(20a8862fefc9a40de8a865b36e083f0d) Importer(2089858483,192608db42251d675da83286b1cce702) (ScriptedImporter) -> (artifact id: '78f0d5c400f7ee585fc9b8f86f7d051b') in 0.0108376 seconds
Number of updated asset objects reloaded before import = 0Number of asset objects unloaded after import = 0

========================================================================
Received Import Request.
  Time since last request: 0.424938 seconds.
  path: Assets/ArtisanDream.Tools/Sprites/Triangle.png
  artifactKey: Guid(34bc9b27cf227493bb06ac4ed145c276) Importer(2089858483,192608db42251d675da83286b1cce702)
Start importing Assets/ArtisanDream.Tools/Sprites/Triangle.png using Guid(34bc9b27cf227493bb06ac4ed145c276) Importer(2089858483,192608db42251d675da83286b1cce702) (ScriptedImporter) -> (artifact id: '75645dd6a6d18d5f2db10ba1a10b5225') in 0.0223087 seconds
Number of updated asset objects reloaded before import = 0Number of asset objects unloaded after import = 3

========================================================================
Received Import Request.
  Time since last request: 0.000012 seconds.
  path: Assets/ArtisanDream.Tools/AI/Scripts/Advanced/AiHunt.cs
  artifactKey: Guid(10ea1262935ec4609a988bcb6bc9cee2) Importer(2089858483,192608db42251d675da83286b1cce702)
Start importing Assets/ArtisanDream.Tools/AI/Scripts/Advanced/AiHunt.cs using Guid(10ea1262935ec4609a988bcb6bc9cee2) Importer(2089858483,192608db42251d675da83286b1cce702) (ScriptedImporter) -> (artifact id: '0e7c66284139d068d49e54f21c8c82cd') in 0.0120725 seconds
Number of updated asset objects reloaded before import = 0Number of asset objects unloaded after import = 0

========================================================================
Received Import Request.
  Time since last request: 0.000038 seconds.
  path: Assets/ArtisanDream.Tools/Character/Scripts/Experimental/AnimateCharacter.cs
  artifactKey: Guid(6001687ee1184446f949a3e8876b3103) Importer(2089858483,192608db42251d675da83286b1cce702)
Start importing Assets/ArtisanDream.Tools/Character/Scripts/Experimental/AnimateCharacter.cs using Guid(6001687ee1184446f949a3e8876b3103) Importer(2089858483,192608db42251d675da83286b1cce702) (ScriptedImporter) -> (artifact id: 'd80e13a89cfa38cba66d78bcd7bb3787') in 0.0125076 seconds
Number of updated asset objects reloaded before import = 0Number of asset objects unloaded after import = 0

========================================================================
Received Import Request.
  Time since last request: 0.000016 seconds.
  path: Assets/ArtisanDream.Tools/AI/Scripts/Simple/AgentBehaviourPlus.cs
  artifactKey: Guid(5f7b6b5a3b2294370866a4f8dee86d59) Importer(2089858483,192608db42251d675da83286b1cce702)
Start importing Assets/ArtisanDream.Tools/AI/Scripts/Simple/AgentBehaviourPlus.cs using Guid(5f7b6b5a3b2294370866a4f8dee86d59) Importer(2089858483,192608db42251d675da83286b1cce702) (ScriptedImporter) -> (artifact id: '88183c6f2b02e99e09ef2063d025185d') in 0.0135044 seconds
Number of updated asset objects reloaded before import = 0Number of asset objects unloaded after import = 0

========================================================================
Received Import Request.
  Time since last request: 0.000023 seconds.
  path: Assets/ArtisanDream.Tools/Character/Scripts/CharacterPatterns/CharacterPattern.cs
  artifactKey: Guid(804bfc019daee4a519805b243ac30373) Importer(2089858483,192608db42251d675da83286b1cce702)
Start importing Assets/ArtisanDream.Tools/Character/Scripts/CharacterPatterns/CharacterPattern.cs using Guid(804bfc019daee4a519805b243ac30373) Importer(2089858483,192608db42251d675da83286b1cce702) (ScriptedImporter) -> (artifact id: '7ebf2ad678418d8fa176da777622395f') in 0.0118216 seconds
Number of updated asset objects reloaded before import = 0Number of asset objects unloaded after import = 0

========================================================================
Received Import Request.
  Time since last request: 0.000071 seconds.
  path: Assets/ArtisanDream.Tools/Transform/FlipTransformBehaviour.cs
  artifactKey: Guid(9914d55c3075a4b14a80c1204e72e335) Importer(2089858483,192608db42251d675da83286b1cce702)
Start importing Assets/ArtisanDream.Tools/Transform/FlipTransformBehaviour.cs using Guid(9914d55c3075a4b14a80c1204e72e335) Importer(2089858483,192608db42251d675da83286b1cce702) (ScriptedImporter) -> (artifact id: 'c9de671624961a17639f277ac25a3490') in 0.0137109 seconds
Number of updated asset objects reloaded before import = 0Number of asset objects unloaded after import = 0

========================================================================
Received Import Request.
  Time since last request: 0.416390 seconds.
  path: Assets/MayaProject/Scripts/Snowman.mel
  artifactKey: Guid(dcfa98a40ecd03a43aaa98dbb4ee797b) Importer(2089858483,192608db42251d675da83286b1cce702)
Start importing Assets/MayaProject/Scripts/Snowman.mel using Guid(dcfa98a40ecd03a43aaa98dbb4ee797b) Importer(2089858483,192608db42251d675da83286b1cce702) (ScriptedImporter) -> (artifact id: 'ac0bfb8481f0837b55cc06c4b4b26806') in 0.0148615 seconds
Number of updated asset objects reloaded before import = 0Number of asset objects unloaded after import = 1

========================================================================
Received Import Request.
  Time since last request: 0.000105 seconds.
  path: Assets/_External/Brawl Arena/Prefabs/Ground/Night_Plane.prefab
  artifactKey: Guid(95947c7181bbc42c0b07e8ba42ca961a) Importer(2089858483,192608db42251d675da83286b1cce702)
Start importing Assets/_External/Brawl Arena/Prefabs/Ground/Night_Plane.prefab using Guid(95947c7181bbc42c0b07e8ba42ca961a) Importer(2089858483,192608db42251d675da83286b1cce702) (ScriptedImporter) -> (artifact id: '2c60f8d4f7d73090a8f02c55958ce834') in 0.0255617 seconds
Number of updated asset objects reloaded before import = 0Number of asset objects unloaded after import = 11

========================================================================
Received Import Request.
  Time since last request: 0.000014 seconds.
  path: Assets/_External/Mini Simple Characters Skeleton Demo/Prefabs/Characters/mini simple skeleton demo_01.prefab
  artifactKey: Guid(62dcba975a0bdfe47bef48ea43049412) Importer(2089858483,192608db42251d675da83286b1cce702)
Start importing Assets/_External/Mini Simple Characters Skeleton Demo/Prefabs/Characters/mini simple skeleton demo_01.prefab using Guid(62dcba975a0bdfe47bef48ea43049412) Importer(2089858483,192608db42251d675da83286b1cce702) (ScriptedImporter) -> (artifact id: '89cb787808e57fc0ebfe181e31a4764c') in 0.0323873 seconds
Number of updated asset objects reloaded before import = 0Number of asset objects unloaded after import = 80

========================================================================
Received Import Request.
  Time since last request: 0.000013 seconds.
  path: Assets/_External/Mini Simple Characters Skeleton Demo/Readme/Icons/Readme_Builder.png
  artifactKey: Guid(407619c5c19a54982b3880b5a085c597) Importer(2089858483,192608db42251d675da83286b1cce702)
Start importing Assets/_External/Mini Simple Characters Skeleton Demo/Readme/Icons/Readme_Builder.png using Guid(407619c5c19a54982b3880b5a085c597) Importer(2089858483,192608db42251d675da83286b1cce702) (ScriptedImporter) -> (artifact id: 'd05c8ad7eded11b59574bb5d5620a02f') in 0.0165973 seconds
Number of updated asset objects reloaded before import = 0Number of asset objects unloaded after import = 1

========================================================================
Received Import Request.
  Time since last request: 0.000052 seconds.
  path: Assets/ArtisanDream.Tools/Store/SOs/Inventory/Axe.asset
  artifactKey: Guid(733e9c0a50d434b29a353336811ccd1b) Importer(2089858483,192608db42251d675da83286b1cce702)
Start importing Assets/ArtisanDream.Tools/Store/SOs/Inventory/Axe.asset using Guid(733e9c0a50d434b29a353336811ccd1b) Importer(2089858483,192608db42251d675da83286b1cce702) (ScriptedImporter) -> (artifact id: 'e6933ed52bfa3494478e4767f9bb520f') in 0.0165717 seconds
Number of updated asset objects reloaded before import = 0Number of asset objects unloaded after import = 11

========================================================================
Received Import Request.
  Time since last request: 0.000014 seconds.
  path: Assets/_External/Mini Simple Characters Skeleton Demo/Models/Animations/mini simple characters animations.fbx
  artifactKey: Guid(e5901ce40e7bc6f45be465c564aa05e0) Importer(2089858483,192608db42251d675da83286b1cce702)
Start importing Assets/_External/Mini Simple Characters Skeleton Demo/Models/Animations/mini simple characters animations.fbx using Guid(e5901ce40e7bc6f45be465c564aa05e0) Importer(2089858483,192608db42251d675da83286b1cce702) (ScriptedImporter) -> (artifact id: 'a18c0d4d4dee2efdab1cdc44c7601b27') in 0.0334809 seconds
Number of updated asset objects reloaded before import = 0Number of asset objects unloaded after import = 86

========================================================================
Received Import Request.
  Time since last request: 0.358374 seconds.
  path: Assets/TextMesh Pro/Shaders/TMP_Sprite.shader
  artifactKey: Guid(cf81c85f95fe47e1a27f6ae460cf182c) Importer(2089858483,192608db42251d675da83286b1cce702)
Start importing Assets/TextMesh Pro/Shaders/TMP_Sprite.shader using Guid(cf81c85f95fe47e1a27f6ae460cf182c) Importer(2089858483,192608db42251d675da83286b1cce702) (ScriptedImporter) -> (artifact id: 'a6d0c8266fd81b19f42798c498a5b232') in 0.0146042 seconds
Number of updated asset objects reloaded before import = 0Number of asset objects unloaded after import = 1

========================================================================
Received Import Request.
  Time since last request: 0.485236 seconds.
  path: Assets/ArtisanDream.Tools/AI/IDs/Player.asset
  artifactKey: Guid(f7b05ed2186414f76b7648e4d51b4ad5) Importer(2089858483,192608db42251d675da83286b1cce702)
Start importing Assets/ArtisanDream.Tools/AI/IDs/Player.asset using Guid(f7b05ed2186414f76b7648e4d51b4ad5) Importer(2089858483,192608db42251d675da83286b1cce702) (ScriptedImporter) -> (artifact id: 'd4de3a8b3bdb05cb25380c528c0ef967') in 0.0183262 seconds
Number of updated asset objects reloaded before import = 0Number of asset objects unloaded after import = 1

========================================================================
Received Import Request.
  Time since last request: 0.000044 seconds.
  path: Assets/ArtisanDream.Tools/Store/Anims/Store Anims.controller
  artifactKey: Guid(026b8d32760af42a5ab0689a50ad1513) Importer(2089858483,192608db42251d675da83286b1cce702)
Start importing Assets/ArtisanDream.Tools/Store/Anims/Store Anims.controller using Guid(026b8d32760af42a5ab0689a50ad1513) Importer(2089858483,192608db42251d675da83286b1cce702) (ScriptedImporter) -> (artifact id: '46727e03b2cceb1a0f8af514c9a86345') in 0.0185478 seconds
Number of updated asset objects reloaded before import = 0Number of asset objects unloaded after import = 8

========================================================================
Received Import Request.
  Time since last request: 0.000014 seconds.
  path: Assets/ArtisanDream.Tools/AI/Scenes/PatrolDistance.unity
  artifactKey: Guid(2165cf93a977b43f7ad3446830682b16) Importer(2089858483,192608db42251d675da83286b1cce702)
Start importing Assets/ArtisanDream.Tools/AI/Scenes/PatrolDistance.unity using Guid(2165cf93a977b43f7ad3446830682b16) Importer(2089858483,192608db42251d675da83286b1cce702) (ScriptedImporter) -> (artifact id: '99d597a5b369fcad9c8cc5f1734ebb14') in 0.0214548 seconds
Number of updated asset objects reloaded before import = 0Number of asset objects unloaded after import = 1

========================================================================
Received Import Request.
  Time since last request: 0.440365 seconds.
  path: Assets/ArtisanDream.Tools/Store/Scripts/InventoryConfigBehaviour.cs
  artifactKey: Guid(bae19eda916aa45ce8c42fd55f568533) Importer(2089858483,192608db42251d675da83286b1cce702)
Start importing Assets/ArtisanDream.Tools/Store/Scripts/InventoryConfigBehaviour.cs using Guid(bae19eda916aa45ce8c42fd55f568533) Importer(2089858483,192608db42251d675da83286b1cce702) (ScriptedImporter) -> (artifact id: '63daacca8850a377ce0bf24e5881bf21') in 0.00934 seconds
Number of updated asset objects reloaded before import = 0Number of asset objects unloaded after import = 0

========================================================================
Received Import Request.
  Time since last request: 0.000052 seconds.
  path: Assets/ArtisanDream.Tools/Store/SOs/UpdateCash.asset
  artifactKey: Guid(250d90a0d99e4418598835030a603af3) Importer(2089858483,192608db42251d675da83286b1cce702)
Start importing Assets/ArtisanDream.Tools/Store/SOs/UpdateCash.asset using Guid(250d90a0d99e4418598835030a603af3) Importer(2089858483,192608db42251d675da83286b1cce702) (ScriptedImporter) -> (artifact id: 'b5300a889cefc499710a28126f37101b') in 0.0239034 seconds
Number of updated asset objects reloaded before import = 0Number of asset objects unloaded after import = 1

========================================================================
Received Import Request.
  Time since last request: 0.000049 seconds.
  path: Assets/MayaProject/Models/Textured Models/Short Sword.obj
  artifactKey: Guid(2709cf12633193441ae89b2d4a4809e9) Importer(2089858483,192608db42251d675da83286b1cce702)
Start importing Assets/MayaProject/Models/Textured Models/Short Sword.obj using Guid(2709cf12633193441ae89b2d4a4809e9) Importer(2089858483,192608db42251d675da83286b1cce702) (ScriptedImporter) -> (artifact id: '09e520e66ee1c5bacf6dd5791f72bda8') in 0.0190759 seconds
Number of updated asset objects reloaded before import = 0Number of asset objects unloaded after import = 10

========================================================================
Received Import Request.
  Time since last request: 0.000011 seconds.
  path: Assets/ArtisanDream.Tools/Vector3Data/SOs/RingNextStartPoint.asset
  artifactKey: Guid(02b328ca43e854ef2a1ec4e42fc7bbdd) Importer(2089858483,192608db42251d675da83286b1cce702)
Start importing Assets/ArtisanDream.Tools/Vector3Data/SOs/RingNextStartPoint.asset using Guid(02b328ca43e854ef2a1ec4e42fc7bbdd) Importer(2089858483,192608db42251d675da83286b1cce702) (ScriptedImporter) -> (artifact id: 'bf4245370d6479ed91d13c00c381a144') in 0.0225329 seconds
Number of updated asset objects reloaded before import = 0Number of asset objects unloaded after import = 1

========================================================================
Received Import Request.
  Time since last request: 0.000014 seconds.
  path: Assets/ArtisanDream.Tools/Vector3Data/SOs/RingStartPoints.asset
  artifactKey: Guid(ffb150c0ff9fc498eb4ca84c720493c8) Importer(2089858483,192608db42251d675da83286b1cce702)
Start importing Assets/ArtisanDream.Tools/Vector3Data/SOs/RingStartPoints.asset using Guid(ffb150c0ff9fc498eb4ca84c720493c8) Importer(2089858483,192608db42251d675da83286b1cce702) (ScriptedImporter) -> (artifact id: '766e5189a1f2f9041de0ef96053bca5a') in 0.0435252 seconds
Number of updated asset objects reloaded before import = 0Number of asset objects unloaded after import = 1

========================================================================
Received Import Request.
  Time since last request: 0.000050 seconds.
  path: Assets/MayaProject/Models/Substance Painter/Treasure Chest.spp
  artifactKey: Guid(72e855255cc6ceb4eaa50ef145d3c4cf) Importer(2089858483,192608db42251d675da83286b1cce702)
Start importing Assets/MayaProject/Models/Substance Painter/Treasure Chest.spp using Guid(72e855255cc6ceb4eaa50ef145d3c4cf) Importer(2089858483,192608db42251d675da83286b1cce702) (ScriptedImporter) -> (artifact id: '009e7f772de49a9ee5a69246420134ba') in 0.0106043 seconds
Number of updated asset objects reloaded before import = 0Number of asset objects unloaded after import = 1

========================================================================
Received Import Request.
  Time since last request: 0.000028 seconds.
  path: Assets/ArtisanDream.Tools/Utilities/SceneManagment/New Scene Management.asset
  artifactKey: Guid(3b8b3e4d7d2e740bd9d7fb566b4359c9) Importer(2089858483,192608db42251d675da83286b1cce702)
Start importing Assets/ArtisanDream.Tools/Utilities/SceneManagment/New Scene Management.asset using Guid(3b8b3e4d7d2e740bd9d7fb566b4359c9) Importer(2089858483,192608db42251d675da83286b1cce702) (ScriptedImporter) -> (artifact id: '584a2b2353872cd51081bae57c3bee19') in 0.0155697 seconds
Number of updated asset objects reloaded before import = 0Number of asset objects unloaded after import = 1

Editor requested this worker to shutdown with reason: Scaling down because of idle timeout
AssetImportWorker is now disconnected from the server
Process exiting
Exiting without the bug reporter. Application will terminate with return code 0